ERROR 2025-05-19 08:32:39,705 log Internal Server Error: /add-price/11/
Traceback (most recent call last):
  File "/home/TIM/mysite/courses/forms.py", line 183, in __init__
    regular_type = PricingType.objects.get(name="Beli Langsung")
  File "/home/TIM/mysite/.venv/lib/python3.10/site-packages/django/db/models/manager.py", line 87, in manager_method
    return getattr(self.get_queryset(), name)(*args, **kwargs)
  File "/home/TIM/mysite/.venv/lib/python3.10/site-packages/django/db/models/query.py", line 633, in get
    raise self.model.DoesNotExist(
courses.models.PricingType.DoesNotExist: PricingType matching query does not exist.

During handling of the above exception, another exception occurred:

Traceback (most recent call last):
  File "/home/TIM/mysite/.venv/lib/python3.10/site-packages/django/core/handlers/exception.py", line 55, in inner
    response = get_response(request)
  File "/home/TIM/mysite/.venv/lib/python3.10/site-packages/django/core/handlers/base.py", line 197, in _get_response
    response = wrapped_callback(request, *callback_args, **callback_kwargs)
  File "/home/TIM/mysite/courses/views.py", line 3290, in add_course_price
    form = CoursePriceForm(user=request.user, course=course, instance=existing_price)
  File "/home/TIM/mysite/courses/forms.py", line 190, in __init__
    raise forms.ValidationError("Tipe harga 'Beli Langsung' tidak ditemukan! Tambahkan di database.")
django.core.exceptions.ValidationError: ["Tipe harga 'Beli Langsung' tidak ditemukan! Tambahkan di database."]
ERROR 2025-05-19 08:34:32,192 models No course price found for course Big Data Developer, partner University of Oxford, price_type Free
INFO 2025-05-19 08:37:01,680 models User learn@learn.com enrolled in free course Big Data Developer
